[ec2-user@ip-172-31-35-206 avalanch3]$ vim test.sh
[ec2-user@ip-172-31-35-206 avalanch3]$ git add .
[ec2-user@ip-172-31-35-206 avalanch3]$ git commit -m "Add city Lviv to test.sh"
[master 6d223c1] Add city Lviv to test.sh
 1 file changed, 1 insertion(+), 1 deletion(-)
[ec2-user@ip-172-31-35-206 avalanch3]$ git checkout featureA
Switched to branch 'featureA'
[ec2-user@ip-172-31-35-206 avalanch3]$ git branch
* featureA
  master
[ec2-user@ip-172-31-35-206 avalanch3]$ vim test.sh
[ec2-user@ip-172-31-35-206 avalanch3]$ git diff
diff --git a/test.sh b/test.sh
index fa24d87..7031aa5 100644
--- a/test.sh
+++ b/test.sh
@@ -1,3 +1,3 @@
 #!/bin/bash
 echo test git file
-# city Lvov
+# city LVOV
[ec2-user@ip-172-31-35-206 avalanch3]$ git add .
[ec2-user@ip-172-31-35-206 avalanch3]$ git commit -m "Add city LVOV to test.sh"
[featureA 03ed041] Add city LVOV to test.sh
 1 file changed, 1 insertion(+), 1 deletion(-)
[ec2-user@ip-172-31-35-206 avalanch3]$ git checkout master
Switched to branch 'master'
Your branch is ahead of 'origin/master' by 4 commits.
  (use "git push" to publish your local commits)
[ec2-user@ip-172-31-35-206 avalanch3]$ git diff
[ec2-user@ip-172-31-35-206 avalanch3]$ git branch
  featureA
* master
[ec2-user@ip-172-31-35-206 avalanch3]$ git merge featureA
Auto-merging test.sh
CONFLICT (content): Merge conflict in test.sh
Automatic merge failed; fix conflicts and then commit the result.
[ec2-user@ip-172-31-35-206 avalanch3]$ 
[ec2-user@ip-172-31-35-206 avalanch3]$ vim test.sh

#!/bin/bash
echo test git file
<<<<<<< HEAD
# city Lviv
=======
# city LVOV
>>>>>>> featureA

[ec2-user@ip-172-31-35-206 avalanch3]$ git status
On branch master
Your branch is ahead of 'origin/master' by 4 commits.
  (use "git push" to publish your local commits)

You have unmerged paths.
  (fix conflicts and run "git commit")
  (use "git merge --abort" to abort the merge)

Unmerged paths:
  (use "git add <file>..." to mark resolution)
        both modified:   test.sh

no changes added to commit (use "git add" and/or "git commit -a")

[ec2-user@ip-172-31-35-206 avalanch3]$ git add .
[ec2-user@ip-172-31-35-206 avalanch3]$ git commit -m "Fix conflict. Lviv correct in test.sh"
[master 6a675b9] Fix conflict. Lviv correct in test.sh
[ec2-user@ip-172-31-35-206 avalanch3]$ git push origin
Enumerating objects: 15, done.
Counting objects: 100% (15/15), done.
Delta compression using up to 2 threads
Compressing objects: 100% (10/10), done.
Writing objects: 100% (14/14), 1.34 KiB | 1.34 MiB/s, done.
Total 14 (delta 5), reused 0 (delta 0)
remote: Resolving deltas: 100% (5/5), done.
To github.com:iholovatyj/avalanch3.git
   319f70a..6a675b9  master -> master

